// Jest Snapshot v1, https://goo.gl/fbAQLP

exports[`AddShows.test.js renders 1`] = `
<div
  id="addShowPortal"
>
  <app-link-stub
    class="btn-medusa btn-large"
    href="addShows/newShow/"
    id="btnNewShow"
    placeholder="indexer-to-name"
  >
    <div
      class="button"
    >
      <div
        class="add-list-icon-addnewshow"
      />
    </div>
     
    <div
      class="buttontext"
    >
      <h3>
        Add New Show
      </h3>
       
      <p>
        For shows that you haven't downloaded yet, this option finds a show on your preferred indexer, creates a directory for it's episodes, and adds it to Medusa.
      </p>
    </div>
  </app-link-stub>
   
  <app-link-stub
    class="btn-medusa btn-large"
    href="addShows/existingShows/"
    id="btnExistingShow"
    placeholder="indexer-to-name"
  >
    <div
      class="button"
    >
      <div
        class="add-list-icon-addexistingshow"
      />
    </div>
     
    <div
      class="buttontext"
    >
      <h3>
        Add Existing Shows
      </h3>
       
      <p>
        Use this option to add shows that already have a folder created on your hard drive. Medusa will scan your existing metadata/episodes and add the show accordingly.
      </p>
    </div>
  </app-link-stub>
</div>
`;
