// Jest Snapshot v1, https://goo.gl/fbAQLP

exports[`PlotInfo.test.js renders 1`] = `
<img
  alt=""
  class="plotInfoNone"
  height="16"
  src="images/info32.png"
  width="16"
/>
`;
