// Jest Snapshot v1, https://goo.gl/fbAQLP

exports[`App should render 1`] = `
Object {
  "$el": "<div id=\\"app\\"><div><div class=\\"spinner\\"><div class=\\"rect1\\"></div><div class=\\"rect2\\"></div><div class=\\"rect3\\"></div><div class=\\"rect4\\"></div><div class=\\"rect5\\"></div></div></div></div>",
}
`;
