// Jest Snapshot v1, https://goo.gl/fbAQLP

exports[`App should render 1`] = `
Object {
  "$el": "<div class=\\"container-fluid\\"><!----><div id=\\"content-row\\" class=\\"row\\"><div id=\\"content-col\\" class=\\"col-lg-10 col-lg-offset-1 col-md-10 col-md-offset-1 col-sm-12 col-xs-12\\"><div><div class=\\"spinner\\"><div class=\\"rect1\\"></div><div class=\\"rect2\\"></div><div class=\\"rect3\\"></div><div class=\\"rect4\\"></div><div class=\\"rect5\\"></div></div></div></div></div><!----><!----></div>",
}
`;
